----------------------------------------------------------------
-Pin Report - Date: Tue Jul  8 09:17:19 2025 Pinchecksum: NOT-AVAILABLE
-Product: Designer
-Release: v2024.1
-Version: 2024.1.0.3
-Design Name: teste
-Family: SmartFusion2
-Die: M2S025
-Package: 256 VF
-----------------------------------------------------------------

Port             |Pin |Fixed |Function                                   |Bank     |I/O Std   |Direction                      |I/O state in Flash*Freeze mode |Resistor Pull                      |I/O available in Flash*Freeze mode |Schmitt Trigger |Odt_Static    |Odt Imp (Ohm)  |Low Power Exit |Input Delay |Slew         |Pre-Emphasis      |Output Drive (mA) |Output Load (pF) |
-----------------|----|------|-------------------------------------------|---------|----------|-------------------------------|-------------------------------|-----------------------------------|-----------------------------------|----------------|--------------|---------------|---------------|------------|-------------|------------------|------------------|-----------------|
MMUART_0_RXD_F2M  H16  Yes    MSIO11NB2/I2C_1_SCL/GPIO_1_A/CCC_NE1_CLKI0  Bank2     LVCMOS25   Input                           TRISTATE                        None                                No                                  Off              ---            ---             Off             Off          ---           ---                ---                ---               
MMUART_0_TXD_M2F  J16  Yes    MSIO11PB2/I2C_1_SDA/GPIO_0_A/CCC_NE0_CLKI0  Bank2     LVCMOS25   Output                          TRISTATE                        None                                No                                  ---              ---            ---             ---             ---          SLOW          ---                4                  5                 
MMUART_1_RXD_F2M  H13  Yes    MSIO28NB1/MMUART_1_RXD/GPIO_26_B            Bank1     LVCMOS25   Input                           TRISTATE                        None                                No                                  Off              ---            ---             Off             Off          ---           ---                ---                ---               
MMUART_1_TXD_M2F  H12  Yes    MSIO27NB1/MMUART_1_TXD/GPIO_24_B            Bank1     LVCMOS25   Output                          TRISTATE                        None                                No                                  ---              ---            ---             ---             ---          SLOW          ---                4                  5                 
SPI_0_CLK_M2F     G16  Yes    MSIO14NB2/SPI_0_SS5/GPIO_20_A               Bank2     LVCMOS25   Output                          TRISTATE                        None                                No                                  ---              ---            ---             ---             ---          SLOW          ---                4                  5                 
SPI_0_DI_F2M      J14  Yes    MSIO12PB2/SPI_0_CLK                         Bank2     LVCMOS25   Input                           TRISTATE                        None                                No                                  Off              ---            ---             Off             Off          ---           ---                ---                ---               
SPI_0_DO_M2F      H15  Yes    MSIO14PB2/SPI_0_SS4/GPIO_19_A               Bank2     LVCMOS25   Output                          TRISTATE                        None                                No                                  ---              ---            ---             ---             ---          SLOW          ---                4                  5                 
SPI_0_SS0_M2F     J13  Yes    MSIO12NB2/SPI_0_SDI/GPIO_5_A                Bank2     LVCMOS25   Output                          TRISTATE                        None                                No                                  ---              ---            ---             ---             ---          SLOW          ---                4                  5                 
