
Copyright (C) 1994-2023 Synopsys, Inc.
This Synopsys software and all associated documentation are proprietary to Synopsys, Inc.
and may only be used pursuant to the terms and conditions of a written license agreement
with Synopsys, Inc. All other use, reproduction, modification, or distribution of the
Synopsys software or the associated documentation is strictly prohibited.
Tool: Synplify Pro (R)
Build: V-2023.09M
Install: C:\Microchip\Libero_SoC_v2024.1\SynplifyPro
OS: Windows 10 or later
Hostname: DESKTOP-V6FS948

Implementation : synthesis

# Written on Tue Jul  8 09:09:06 2025

##### DESIGN INFO #######################################################

Top View:                "teste"
Constraint File(s):      "C:\Users\Lucas\Documents\EscritaFlash\Flash_test\designer\teste\synthesis.fdc"




##### SUMMARY ############################################################

Found 0 issues in 0 out of 0 constraints


##### DETAILS ############################################################



Clock Relationships
*******************

Starting                                                    Ending                                                      |     rise to rise     |     fall to fall     |     rise to fall     |     fall to rise                     
-----------------------------------------------------------------------------------------------------------------------------------------------------------------------------------------------------------------------------------
teste_sb_CCC_0_FCCC|GL0_net_inferred_clock                  teste_sb_CCC_0_FCCC|GL0_net_inferred_clock                  |     10.000           |     No paths         |     No paths         |     No paths                         
teste_sb_CCC_0_FCCC|GL0_net_inferred_clock                  teste_sb_FABOSC_0_OSC|RCOSC_25_50MHZ_CCC_inferred_clock     |     Diff grp         |     No paths         |     No paths         |     No paths                         
teste_sb_FABOSC_0_OSC|RCOSC_25_50MHZ_CCC_inferred_clock     teste_sb_CCC_0_FCCC|GL0_net_inferred_clock                  |     Diff grp         |     No paths         |     No paths         |     No paths                         
teste_sb_FABOSC_0_OSC|RCOSC_25_50MHZ_CCC_inferred_clock     teste_sb_FABOSC_0_OSC|RCOSC_25_50MHZ_CCC_inferred_clock     |     10.000           |     No paths         |     No paths         |     No paths                         
===================================================================================================================================================================================================================================
 Note: 'No paths' indicates there are no paths in the design for that pair of clock edges.
       'Diff grp' indicates that paths exist but the starting clock and ending clock are in different clock groups.


Unconstrained Start/End Points
******************************

p:DEVRST_N
p:MMUART_0_RXD_F2M
p:MMUART_0_TXD_M2F
p:MMUART_1_RXD_F2M
p:MMUART_1_TXD_M2F
p:SPI_0_CLK_M2F
p:SPI_0_DI_F2M
p:SPI_0_DO_M2F
p:SPI_0_SS0_M2F


Inapplicable constraints
************************

(none)


Applicable constraints with issues
**********************************

(none)


Constraints with matching wildcard expressions
**********************************************

(none)


Library Report
**************


# End of Constraint Checker Report
