
Copyright (C) 1994-2023 Synopsys, Inc.
This Synopsys software and all associated documentation are proprietary to Synopsys, Inc.
and may only be used pursuant to the terms and conditions of a written license agreement
with Synopsys, Inc. All other use, reproduction, modification, or distribution of the
Synopsys software or the associated documentation is strictly prohibited.
Tool: Synplify Pro (R)
Build: V-2023.09M-3
Install: C:\Microchip\Libero_SoC_v2024.2\SynplifyPro
OS: Windows 10 or later
Hostname: DESKTOP-RBAIS6T

Implementation : synthesis
Synopsys HDL compiler and linker, Version comp202309synp1, Build 280R, Built Jun 20 2024 08:13:40, @

Modified Files: 0
FID:  path (prevtimestamp, timestamp)

*******************************************************************
Modules that may have changed as a result of file changes: 0
MID:  lib.cell.view

*******************************************************************
Unmodified files: 19
FID:  path (timestamp)
69       C:\Microchip\Libero_SoC_v2024.2\SynplifyPro\lib\generic\smartfusion2.v (2024-07-25 12:13:38)
70       C:\Microchip\Libero_SoC_v2024.2\SynplifyPro\lib\vlog\hypermods.v (2024-07-25 12:03:48)
71       C:\Microchip\Libero_SoC_v2024.2\SynplifyPro\lib\vlog\scemi_objects.v (2024-07-25 12:03:48)
72       C:\Microchip\Libero_SoC_v2024.2\SynplifyPro\lib\vlog\scemi_pipes.svh (2024-07-25 12:03:48)
73       C:\Users\Acacio\Desktop\projeto_nascerr_clone\serial_cmd_flash\FPGA2memory\component\Actel\DirectCore\CoreResetP\7.1.100\rtl\vlog\core\coreresetp.v (2025-10-06 09:05:11)
74       C:\Users\Acacio\Desktop\projeto_nascerr_clone\serial_cmd_flash\FPGA2memory\component\Actel\DirectCore\CoreResetP\7.1.100\rtl\vlog\core\coreresetp_pcie_hotreset.v (2025-10-06 09:05:11)
75       C:\Users\Acacio\Desktop\projeto_nascerr_clone\serial_cmd_flash\FPGA2memory\component\Actel\SgCore\OSC\2.0.101\osc_comps.v (2025-10-06 09:05:12)
76       C:\Users\Acacio\Desktop\projeto_nascerr_clone\serial_cmd_flash\FPGA2memory\component\work\prj_2_memory_sb\prj_2_memory_sb.v (2025-10-21 10:21:34)
77       C:\Users\Acacio\Desktop\projeto_nascerr_clone\serial_cmd_flash\FPGA2memory\component\work\prj_2_memory_sb_sb\CCC_0\prj_2_memory_sb_sb_CCC_0_FCCC.v (2025-10-21 10:18:38)
78       C:\Users\Acacio\Desktop\projeto_nascerr_clone\serial_cmd_flash\FPGA2memory\component\work\prj_2_memory_sb_sb\FABOSC_0\prj_2_memory_sb_sb_FABOSC_0_OSC.v (2025-10-21 10:18:39)
79       C:\Users\Acacio\Desktop\projeto_nascerr_clone\serial_cmd_flash\FPGA2memory\component\work\prj_2_memory_sb_sb\prj_2_memory_sb_sb.v (2025-10-21 10:18:39)
80       C:\Users\Acacio\Desktop\projeto_nascerr_clone\serial_cmd_flash\FPGA2memory\component\work\prj_2_memory_sb_sb_MSS\prj_2_memory_sb_sb_MSS.v (2025-10-21 10:18:36)
81       C:\Users\Acacio\Desktop\projeto_nascerr_clone\serial_cmd_flash\FPGA2memory\component\work\prj_2_memory_sb_sb_MSS\prj_2_memory_sb_sb_MSS_syn.v (2025-10-21 10:18:36)
82       C:\Users\Acacio\Desktop\projeto_nascerr_clone\serial_cmd_flash\FPGA2memory\hdl\MRSC_decoder.sv (2025-10-21 10:02:33)
83       C:\Users\Acacio\Desktop\projeto_nascerr_clone\serial_cmd_flash\FPGA2memory\hdl\MRSC_encoder.sv (2025-10-21 10:02:33)
84       C:\Users\Acacio\Desktop\projeto_nascerr_clone\serial_cmd_flash\FPGA2memory\hdl\TBEC_RSC_decoder.sv (2025-10-21 10:02:33)
85       C:\Users\Acacio\Desktop\projeto_nascerr_clone\serial_cmd_flash\FPGA2memory\hdl\TBEC_RSC_encoder.sv (2025-10-21 10:02:33)
86       C:\Users\Acacio\Desktop\projeto_nascerr_clone\serial_cmd_flash\FPGA2memory\hdl\design.sv (2025-10-21 10:02:33)
87       C:\Users\Acacio\Desktop\projeto_nascerr_clone\serial_cmd_flash\FPGA2memory\hdl\ecc_design.sv (2025-10-21 10:02:33)

*******************************************************************
Unchanged modules: 20
MID:  lib.cell.view
20       work.CoreResetP.verilog
0        work.MRSC_decoder.verilog
1        work.MRSC_encoder.verilog
21       work.MSS_025.verilog
9        work.RCOSC_1MHZ.verilog
10       work.RCOSC_1MHZ_FAB.verilog
11       work.RCOSC_25_50MHZ.verilog
12       work.RCOSC_25_50MHZ_FAB.verilog
2        work.TBEC_RSC_decoder.verilog
3        work.TBEC_RSC_encoder.verilog
15       work.XTLOSC.verilog
16       work.XTLOSC_FAB.verilog
22       work.coreresetp_pcie_hotreset.verilog
4        work.ecc_design.verilog
5        work.fpga_top_design.verilog
6        work.prj_2_memory_sb.verilog
23       work.prj_2_memory_sb_sb.verilog
24       work.prj_2_memory_sb_sb_CCC_0_FCCC.verilog
25       work.prj_2_memory_sb_sb_FABOSC_0_OSC.verilog
26       work.prj_2_memory_sb_sb_MSS.verilog
