{
"Synplify Pro (R) Job Log" : {
	"Date" : "11:57:12    22-Jun-2026",
	"Working Directory" : "C:/Users/Acacio/Desktop/projeto_nascerr_clone/serial_cmd_flash/FPGA2memory/synthesis",
	"Install" : "C:/Microchip/Libero_SoC_2025.2/Libero_SoC/Synplify_Pro"
},
"synthesis" :{
   "Job Flow" : "Sequential",
   "Start Time" : "11:56:50",
   "Runtime" : "22s",
   "Executable Run Time" : "21s",
   "synthesis" : {
      "Job Flow" : "Sequential",
      "Start Time" : "11:56:50",
      "Runtime" : "22s",
      "Executable Run Time" : "21s",
      "compile" : {
         "Job Flow" : "Sequential",
         "Start Time" : "11:56:50",
         "Runtime" : "15s",
         "Executable Run Time" : "14s",
         "compile_flow" : {
            "Job Flow" : "Sequential",
            "Start Time" : "11:56:50",
            "Runtime" : "12s",
            "Executable Run Time" : "11s",
            "compiler" : {
               "executable" : "bin64/c_hdl.exe",
               "Run Directory" : "C:/Users/Acacio/Desktop/projeto_nascerr_clone/serial_cmd_flash/FPGA2memory/synthesis",
               "Run State" : "Complete",
               "Return Code" : "0",
               "Run Success" : "yes",
               "Run Start Time" : "11:56:50",
               "Run Time" : "12s",
               "Exe Run Time" : "11s",
               "max_parallel_jobs" : "4",
               "Memory Usage" : "-",
               "Up-to-date (run skipped)" : "no"
            },
            "multi_srs_gen" : {
               "executable" : "bin64/syn_nfilter.exe",
               "Run Directory" : "C:/Users/Acacio/Desktop/projeto_nascerr_clone/serial_cmd_flash/FPGA2memory/synthesis",
               "Run State" : "Complete",
               "Return Code" : "0",
               "Run Success" : "yes",
               "Run Start Time" : "11:57:02",
               "Run Time" : "00s",
               "Exe Run Time" : "00s",
               "Memory Usage" : "-",
               "Up-to-date (run skipped)" : "no"
            }
         },
         "premap" : {
            "executable" : "bin64/m_generic.exe",
            "Run Directory" : "C:/Users/Acacio/Desktop/projeto_nascerr_clone/serial_cmd_flash/FPGA2memory/synthesis",
            "Run State" : "Complete",
            "Return Code" : "1",
            "Run Success" : "yes",
            "Run Start Time" : "11:57:02",
            "Run Time" : "03s",
            "Exe Run Time" : "03s",
            "max_parallel_jobs" : "4",
            "Memory Usage" : "-",
            "Up-to-date (run skipped)" : "no"
         }
      },
      "map" : {
         "Job Flow" : "Sequential",
         "Start Time" : "11:57:05",
         "Runtime" : "07s",
         "Executable Run Time" : "07s",
         "fpga_mapper" : {
            "executable" : "bin64/m_generic.exe",
            "Run Directory" : "C:/Users/Acacio/Desktop/projeto_nascerr_clone/serial_cmd_flash/FPGA2memory/synthesis",
            "Run State" : "Complete",
            "Return Code" : "1",
            "Run Success" : "yes",
            "Run Start Time" : "11:57:05",
            "Run Time" : "07s",
            "Exe Run Time" : "07s",
            "max_parallel_jobs" : "4",
            "Memory Usage" : "-",
            "Up-to-date (run skipped)" : "no"
         }
      }
   }
}
}