
Copyright (C) 1994-2023 Synopsys, Inc.
This Synopsys software and all associated documentation are proprietary to Synopsys, Inc.
and may only be used pursuant to the terms and conditions of a written license agreement
with Synopsys, Inc. All other use, reproduction, modification, or distribution of the
Synopsys software or the associated documentation is strictly prohibited.
Tool: Synplify Pro (R)
Build: V-2023.09M
Install: C:\Microchip\Libero_SoC_v2024.1\SynplifyPro
OS: Windows 10 or later
Hostname: DESKTOP-V6FS948

Implementation : synthesis
Synopsys HDL compiler and linker, Version comp202309synp1, Build 146R, Built Jan  4 2024 08:15:03, @

Modified Files: 14
FID:  path (prevtimestamp, timestamp)
0        C:\Microchip\Libero_SoC_v2024.1\SynplifyPro\lib\generic\smartfusion2.v (N/A, 2024-01-04 13:11:02)
1        C:\Microchip\Libero_SoC_v2024.1\SynplifyPro\lib\vlog\hypermods.v (N/A, 2024-01-04 13:04:40)
2        C:\Microchip\Libero_SoC_v2024.1\SynplifyPro\lib\vlog\scemi_objects.v (N/A, 2024-01-04 13:04:40)
3        C:\Microchip\Libero_SoC_v2024.1\SynplifyPro\lib\vlog\scemi_pipes.svh (N/A, 2024-01-04 13:04:40)
4        C:\Microchip\Libero_SoC_v2024.1\SynplifyPro\lib\vlog\umr_capim.v (N/A, 2024-01-04 13:08:34)
5        C:\Users\Lucas\Documents\EscritaFlash\Flash_test\component\Actel\DirectCore\CoreResetP\7.1.100\rtl\vlog\core\coreresetp.v (N/A, 2024-09-10 15:44:31)
6        C:\Users\Lucas\Documents\EscritaFlash\Flash_test\component\Actel\DirectCore\CoreResetP\7.1.100\rtl\vlog\core\coreresetp_pcie_hotreset.v (N/A, 2024-09-10 15:44:31)
7        C:\Users\Lucas\Documents\EscritaFlash\Flash_test\component\Actel\SgCore\OSC\2.0.101\osc_comps.v (N/A, 2024-09-10 15:44:32)
8        C:\Users\Lucas\Documents\EscritaFlash\Flash_test\component\work\teste\teste.v (N/A, 2025-07-08 09:08:43)
9        C:\Users\Lucas\Documents\EscritaFlash\Flash_test\component\work\teste_sb\CCC_0\teste_sb_CCC_0_FCCC.v (N/A, 2025-07-08 08:54:39)
10       C:\Users\Lucas\Documents\EscritaFlash\Flash_test\component\work\teste_sb\FABOSC_0\teste_sb_FABOSC_0_OSC.v (N/A, 2025-07-08 08:54:40)
11       C:\Users\Lucas\Documents\EscritaFlash\Flash_test\component\work\teste_sb\teste_sb.v (N/A, 2025-07-08 08:54:40)
12       C:\Users\Lucas\Documents\EscritaFlash\Flash_test\component\work\teste_sb_MSS\teste_sb_MSS.v (N/A, 2025-07-08 08:54:36)
13       C:\Users\Lucas\Documents\EscritaFlash\Flash_test\component\work\teste_sb_MSS\teste_sb_MSS_syn.v (N/A, 2025-07-08 08:54:36)

*******************************************************************
Modules that may have changed as a result of file changes: 14
MID:  lib.cell.view
0        work.CoreResetP.verilog may have changed because the following files changed:
                        C:\Users\Lucas\Documents\EscritaFlash\Flash_test\component\Actel\DirectCore\CoreResetP\7.1.100\rtl\vlog\core\coreresetp.v (N/A, 2024-09-10 15:44:31) <-- (module definition)
                        C:\Users\Lucas\Documents\EscritaFlash\Flash_test\component\work\teste\teste.v (N/A, 2025-07-08 09:08:43) <-- (may instantiate this module)
                        C:\Users\Lucas\Documents\EscritaFlash\Flash_test\component\work\teste_sb\teste_sb.v (N/A, 2025-07-08 08:54:40) <-- (may instantiate this module)
1        work.MSS_025.verilog may have changed because the following files changed:
                        C:\Users\Lucas\Documents\EscritaFlash\Flash_test\component\work\teste\teste.v (N/A, 2025-07-08 09:08:43) <-- (may instantiate this module)
                        C:\Users\Lucas\Documents\EscritaFlash\Flash_test\component\work\teste_sb\teste_sb.v (N/A, 2025-07-08 08:54:40) <-- (may instantiate this module)
                        C:\Users\Lucas\Documents\EscritaFlash\Flash_test\component\work\teste_sb_MSS\teste_sb_MSS.v (N/A, 2025-07-08 08:54:36) <-- (may instantiate this module)
                        C:\Users\Lucas\Documents\EscritaFlash\Flash_test\component\work\teste_sb_MSS\teste_sb_MSS_syn.v (N/A, 2025-07-08 08:54:36) <-- (module definition)
2        work.RCOSC_1MHZ.verilog may have changed because the following files changed:
                        C:\Users\Lucas\Documents\EscritaFlash\Flash_test\component\Actel\SgCore\OSC\2.0.101\osc_comps.v (N/A, 2024-09-10 15:44:32) <-- (module definition)
                        C:\Users\Lucas\Documents\EscritaFlash\Flash_test\component\work\teste\teste.v (N/A, 2025-07-08 09:08:43) <-- (may instantiate this module)
                        C:\Users\Lucas\Documents\EscritaFlash\Flash_test\component\work\teste_sb\FABOSC_0\teste_sb_FABOSC_0_OSC.v (N/A, 2025-07-08 08:54:40) <-- (may instantiate this module)
                        C:\Users\Lucas\Documents\EscritaFlash\Flash_test\component\work\teste_sb\teste_sb.v (N/A, 2025-07-08 08:54:40) <-- (may instantiate this module)
3        work.RCOSC_1MHZ_FAB.verilog may have changed because the following files changed:
                        C:\Users\Lucas\Documents\EscritaFlash\Flash_test\component\Actel\SgCore\OSC\2.0.101\osc_comps.v (N/A, 2024-09-10 15:44:32) <-- (module definition)
                        C:\Users\Lucas\Documents\EscritaFlash\Flash_test\component\work\teste\teste.v (N/A, 2025-07-08 09:08:43) <-- (may instantiate this module)
                        C:\Users\Lucas\Documents\EscritaFlash\Flash_test\component\work\teste_sb\FABOSC_0\teste_sb_FABOSC_0_OSC.v (N/A, 2025-07-08 08:54:40) <-- (may instantiate this module)
                        C:\Users\Lucas\Documents\EscritaFlash\Flash_test\component\work\teste_sb\teste_sb.v (N/A, 2025-07-08 08:54:40) <-- (may instantiate this module)
4        work.RCOSC_25_50MHZ.verilog may have changed because the following files changed:
                        C:\Users\Lucas\Documents\EscritaFlash\Flash_test\component\Actel\SgCore\OSC\2.0.101\osc_comps.v (N/A, 2024-09-10 15:44:32) <-- (module definition)
                        C:\Users\Lucas\Documents\EscritaFlash\Flash_test\component\work\teste\teste.v (N/A, 2025-07-08 09:08:43) <-- (may instantiate this module)
                        C:\Users\Lucas\Documents\EscritaFlash\Flash_test\component\work\teste_sb\FABOSC_0\teste_sb_FABOSC_0_OSC.v (N/A, 2025-07-08 08:54:40) <-- (may instantiate this module)
                        C:\Users\Lucas\Documents\EscritaFlash\Flash_test\component\work\teste_sb\teste_sb.v (N/A, 2025-07-08 08:54:40) <-- (may instantiate this module)
5        work.RCOSC_25_50MHZ_FAB.verilog may have changed because the following files changed:
                        C:\Users\Lucas\Documents\EscritaFlash\Flash_test\component\Actel\SgCore\OSC\2.0.101\osc_comps.v (N/A, 2024-09-10 15:44:32) <-- (module definition)
                        C:\Users\Lucas\Documents\EscritaFlash\Flash_test\component\work\teste\teste.v (N/A, 2025-07-08 09:08:43) <-- (may instantiate this module)
                        C:\Users\Lucas\Documents\EscritaFlash\Flash_test\component\work\teste_sb\FABOSC_0\teste_sb_FABOSC_0_OSC.v (N/A, 2025-07-08 08:54:40) <-- (may instantiate this module)
                        C:\Users\Lucas\Documents\EscritaFlash\Flash_test\component\work\teste_sb\teste_sb.v (N/A, 2025-07-08 08:54:40) <-- (may instantiate this module)
6        work.XTLOSC.verilog may have changed because the following files changed:
                        C:\Users\Lucas\Documents\EscritaFlash\Flash_test\component\Actel\SgCore\OSC\2.0.101\osc_comps.v (N/A, 2024-09-10 15:44:32) <-- (module definition)
                        C:\Users\Lucas\Documents\EscritaFlash\Flash_test\component\work\teste\teste.v (N/A, 2025-07-08 09:08:43) <-- (may instantiate this module)
                        C:\Users\Lucas\Documents\EscritaFlash\Flash_test\component\work\teste_sb\FABOSC_0\teste_sb_FABOSC_0_OSC.v (N/A, 2025-07-08 08:54:40) <-- (may instantiate this module)
                        C:\Users\Lucas\Documents\EscritaFlash\Flash_test\component\work\teste_sb\teste_sb.v (N/A, 2025-07-08 08:54:40) <-- (may instantiate this module)
7        work.XTLOSC_FAB.verilog may have changed because the following files changed:
                        C:\Users\Lucas\Documents\EscritaFlash\Flash_test\component\Actel\SgCore\OSC\2.0.101\osc_comps.v (N/A, 2024-09-10 15:44:32) <-- (module definition)
                        C:\Users\Lucas\Documents\EscritaFlash\Flash_test\component\work\teste\teste.v (N/A, 2025-07-08 09:08:43) <-- (may instantiate this module)
                        C:\Users\Lucas\Documents\EscritaFlash\Flash_test\component\work\teste_sb\FABOSC_0\teste_sb_FABOSC_0_OSC.v (N/A, 2025-07-08 08:54:40) <-- (may instantiate this module)
                        C:\Users\Lucas\Documents\EscritaFlash\Flash_test\component\work\teste_sb\teste_sb.v (N/A, 2025-07-08 08:54:40) <-- (may instantiate this module)
8        work.coreresetp_pcie_hotreset.verilog may have changed because the following files changed:
                        C:\Users\Lucas\Documents\EscritaFlash\Flash_test\component\Actel\DirectCore\CoreResetP\7.1.100\rtl\vlog\core\coreresetp.v (N/A, 2024-09-10 15:44:31) <-- (may instantiate this module)
                        C:\Users\Lucas\Documents\EscritaFlash\Flash_test\component\Actel\DirectCore\CoreResetP\7.1.100\rtl\vlog\core\coreresetp_pcie_hotreset.v (N/A, 2024-09-10 15:44:31) <-- (module definition)
                        C:\Users\Lucas\Documents\EscritaFlash\Flash_test\component\work\teste\teste.v (N/A, 2025-07-08 09:08:43) <-- (may instantiate this module)
                        C:\Users\Lucas\Documents\EscritaFlash\Flash_test\component\work\teste_sb\teste_sb.v (N/A, 2025-07-08 08:54:40) <-- (may instantiate this module)
9        work.teste.verilog may have changed because the following files changed:
                        C:\Users\Lucas\Documents\EscritaFlash\Flash_test\component\work\teste\teste.v (N/A, 2025-07-08 09:08:43) <-- (module definition)
10       work.teste_sb.verilog may have changed because the following files changed:
                        C:\Users\Lucas\Documents\EscritaFlash\Flash_test\component\work\teste\teste.v (N/A, 2025-07-08 09:08:43) <-- (may instantiate this module)
                        C:\Users\Lucas\Documents\EscritaFlash\Flash_test\component\work\teste_sb\teste_sb.v (N/A, 2025-07-08 08:54:40) <-- (module definition)
11       work.teste_sb_CCC_0_FCCC.verilog may have changed because the following files changed:
                        C:\Users\Lucas\Documents\EscritaFlash\Flash_test\component\work\teste\teste.v (N/A, 2025-07-08 09:08:43) <-- (may instantiate this module)
                        C:\Users\Lucas\Documents\EscritaFlash\Flash_test\component\work\teste_sb\CCC_0\teste_sb_CCC_0_FCCC.v (N/A, 2025-07-08 08:54:39) <-- (module definition)
                        C:\Users\Lucas\Documents\EscritaFlash\Flash_test\component\work\teste_sb\teste_sb.v (N/A, 2025-07-08 08:54:40) <-- (may instantiate this module)
12       work.teste_sb_FABOSC_0_OSC.verilog may have changed because the following files changed:
                        C:\Users\Lucas\Documents\EscritaFlash\Flash_test\component\work\teste\teste.v (N/A, 2025-07-08 09:08:43) <-- (may instantiate this module)
                        C:\Users\Lucas\Documents\EscritaFlash\Flash_test\component\work\teste_sb\FABOSC_0\teste_sb_FABOSC_0_OSC.v (N/A, 2025-07-08 08:54:40) <-- (module definition)
                        C:\Users\Lucas\Documents\EscritaFlash\Flash_test\component\work\teste_sb\teste_sb.v (N/A, 2025-07-08 08:54:40) <-- (may instantiate this module)
13       work.teste_sb_MSS.verilog may have changed because the following files changed:
                        C:\Users\Lucas\Documents\EscritaFlash\Flash_test\component\work\teste\teste.v (N/A, 2025-07-08 09:08:43) <-- (may instantiate this module)
                        C:\Users\Lucas\Documents\EscritaFlash\Flash_test\component\work\teste_sb\teste_sb.v (N/A, 2025-07-08 08:54:40) <-- (may instantiate this module)
                        C:\Users\Lucas\Documents\EscritaFlash\Flash_test\component\work\teste_sb_MSS\teste_sb_MSS.v (N/A, 2025-07-08 08:54:36) <-- (module definition)

*******************************************************************
Unmodified files: 0
FID:  path (timestamp)

*******************************************************************
Unchanged modules: 0
MID:  lib.cell.view
